// Jest Snapshot v1, https://goo.gl/fbAQLP

exports[`fixtures - jest mock dynamic - function used as prop 1`] = `
Object {
  "fn": [Function] x,
  "mockRef": [Function],
  "spy": [Function],
}
`;

exports[`fixtures - jest mock static - function used as prop 1`] = `
Object {
  "anonymous": [Function],
  "arrow": [Function],
  "named": [Function],
}
`;
